// Jest Snapshot v1, https://goo.gl/fbAQLP

exports[`FormComponent Debe coincidir con el snapshot' 1`] = `
<div
  id="root1"
>
  <form
    class="ng-untouched ng-pristine ng-invalid"
    novalidate=""
  >
    <div
      class="row"
    >
      <div
        class="col-md-6"
      >
        <div
          class="form-group p-2"
        >
          <label
            class="text-primary fs-2 fw-800"
          >
            
          </label>
          <input
            class="w100 ng-untouched ng-pristine ng-invalid"
            placeholder=""
            type="text"
          />
          <div
            class="text-danger fw-bolder"
            style="height: 1rem !important;"
          >
            
          </div>
        </div>
      </div>
      
    </div>
    <div
      class="row p-4"
    >
      
    </div>
  </form>
</div>
`;
