// Jest Snapshot v1, https://goo.gl/fbAQLP

exports[`AppComponent Debe coincidir con el snapshot' 1`] = `
<div
  id="root1"
>
  <div
    class="modal-backdrop"
  >
    <div
      class="modal"
    >
      
      
    </div>
  </div>
</div>
`;
